{ "done_mb": 0, "total_mb": 156, "done_parts": 1, "total_parts": 3 }
{ "done_mb": 100, "total_mb": 156, "done_parts": 2, "total_parts": 3 }
{ "done_mb": 156, "total_mb": 156, "done_parts": 3, "total_parts": 3 }
